
Max visited: 9270
Avg visited: 4452.433
Max error: 0.0029660634218413584
Avg err: 2.4193201739107018E-4
Precision: 63 %
