
Max visited: 35
Avg visited: 26.78
Max error: 0.002266979935930058
Avg err: 3.3127615254318287E-4
Precision: 56 %
