
Max visited: 137
Avg visited: 92.39
Max error: 0.05929257820815681
Avg err: 0.026631940427332818
Precision: 0 %
