
Max visited: 1764
Avg visited: 904.985
Max error: 0.026614889181256318
Avg err: 0.00588113749748373
Precision: 23 %
