
Max visited: 6673
Avg visited: 3132.798
Max error: 0.019071519800893055
Avg err: 0.00217961749913515
Precision: 52 %
