
Max visited: 41
Avg visited: 32.029
Max error: 0.0011579243328252442
Avg err: 2.1184426506548992E-4
Precision: 3 %
