
Max visited: 25
Avg visited: 6.8526
Max error: 0.12824694835421035
Avg err: 3.648912360532566E-4
Precision: 99 %
