
Max visited: 2679
Avg visited: 241.4167
Max error: 0.03406732902427323
Avg err: 6.9955875159168015E-6
Precision: 99 %
