
Max visited: 432
Avg visited: 63.1407
Max error: 0.0984247711844195
Avg err: 3.570490423037791E-5
Precision: 99 %
