
Max visited: 2124
Avg visited: 144.898
Max error: 0.2263033696413519
Avg err: 4.6078552621622686E-4
Precision: 99 %
