
Max visited: 7380
Avg visited: 731.4507
Max error: 0.10917650357149222
Avg err: 9.197566544763342E-5
Precision: 99 %
