
Max visited: 8
Avg visited: 2.4525262631315656
Max error: 0.8391764903025309
Avg err: 0.024350343547818305
Precision: 87 %
