
Max visited: 19
Avg visited: 5.6938
Max error: 0.3127405193841155
Avg err: 0.0030765806402423762
Precision: 96 %
