
Max visited: 51
Avg visited: 9.5522
Max error: 0.7137350791922219
Avg err: 0.017940645939096736
Precision: 85 %
