
Max visited: 278
Avg visited: 42.0773
Max error: 0.19713936313838976
Avg err: 9.757009978994276E-4
Precision: 98 %
