
Max visited: 12
Avg visited: 3.450632149307646
Max error: 0.17503645045525174
Avg err: 6.768704600533227E-4
Precision: 98 %
