
Max visited: 3787
Avg visited: 173.0105
Max error: 0.33399017296513955
Avg err: 0.005978753141996776
Precision: 88 %
