
Max visited: 11534
Avg visited: 5714.0809
Max error: 0.0
Avg err: 0.0
Precision: 100 %
