
Max visited: 14
Avg visited: 3.9978
Max error: 0.8877330085587343
Avg err: 0.02451437590552107
Precision: 85 %
