
Max visited: 148
Avg visited: 19.2741
Max error: 0.7068575517332891
Avg err: 0.014219287933986968
Precision: 85 %
