
Max visited: 11
Avg visited: 3.4612306153076537
Max error: 0.1623784218169304
Avg err: 8.263887112330172E-4
Precision: 98 %
