
Max visited: 135
Avg visited: 19.0918
Max error: 0.5890171780642377
Avg err: 0.013820980778052118
Precision: 85 %
