
Max visited: 8
Avg visited: 2.438992574754164
Max error: 0.901250666892889
Avg err: 0.026058487004050827
Precision: 86 %
