
Max visited: 79
Avg visited: 16.861
Max error: 0.29914651695209615
Avg err: 0.0016186893818344245
Precision: 97 %
