
Max visited: 13
Avg visited: 3.327032703270327
Max error: 0.16442361404309236
Avg err: 7.408240441842521E-4
Precision: 98 %
