
Max visited: 7
Avg visited: 2.393839383938394
Max error: 0.8781684638294536
Avg err: 0.023958992960909788
Precision: 88 %
