
Max visited: 364
Avg visited: 63.8344
Max error: 0.09785811608977135
Avg err: 4.6604565675389264E-5
Precision: 99 %
