
Max visited: 10
Avg visited: 2.971697169716972
Max error: 0.32718167630264317
Avg err: 0.003518381190553204
Precision: 96 %
