
Max visited: 227
Avg visited: 42.1396
Max error: 0.21897198161069165
Avg err: 0.001014336078740506
Precision: 98 %
