
Max visited: 10
Avg visited: 3.067128236002408
Max error: 0.359065422829016
Avg err: 0.003727706918613724
Precision: 95 %
