
Max visited: 10831
Avg visited: 3078.124
Max error: 0.07917541549751017
Avg err: 1.3955760515670512E-5
Precision: 99 %
