
Max visited: 9
Avg visited: 3.07943971985993
Max error: 0.37436854187255353
Avg err: 0.003746446505290762
Precision: 95 %
