
Max visited: 1141
Avg visited: 52.0185
Max error: 0.4758365784540315
Avg err: 0.010668277728872211
Precision: 86 %
