
Max visited: 103
Avg visited: 22.8452
Max error: 0.12122784871355918
Avg err: 1.3039314584048275E-4
Precision: 99 %
