
Max visited: 10103
Avg visited: 1500.0963
Max error: 0.0
Avg err: 0.0
Precision: 100 %
