
Max visited: 5493
Avg visited: 601.4103
Max error: 0.2780778667138113
Avg err: 0.003292176691305688
Precision: 91 %
